int enum
42 foo
42 foo
42 foo
42 foo
42 foo
42 foo
42 foo
42 foo
42 foo
42 foo
