could not read file this file does not exist.txt: open this file does not exist.txt: no such file or directory