42--foo42--foo42--foo42--foo42--foo42--foo42--foo42--foo42--foo42--foo