template: template:1: function "Madeup" not defined
